============================= test session starts =============================
platform win32 -- Python 3.11.9, pytest-9.0.2, pluggy-1.6.0 -- C:\Users\onyan\AppData\Local\Programs\Python\Python311\python.exe
cachedir: .pytest_cache
rootdir: C:\archintel
plugins: anyio-4.12.0, typeguard-4.4.4
collecting ... collected 3 items

backend/test_context_ingestion.py::test_get_discussions_endpoint_exists PASSED [ 33%]
backend/test_context_ingestion.py::test_ingest_discussions_mock PASSED   [ 66%]
backend/test_context_ingestion.py::test_get_rationale_endpoint FAILED    [100%]

================================== FAILURES ===================================
_________________________ test_get_rationale_endpoint _________________________

    def test_get_rationale_endpoint():
        with patch("routers.context.supabase") as mock_supabase:
            mock_supabase.table().select().eq().execute.return_value.data = [
                {"source": "github_pr", "title": "Add auth", "body": "Implementing JWT", "author": "dev1"},
                {"source": "github_issue", "title": "Fix bug", "body": "Race condition in login", "author": "dev2"}
            ]
    
            with patch("services.llm_service.generate_doc", return_value="AI Generated Rationale"):
                response = client.get("/context/test-project/rationale")
                assert response.status_code == 200
                data = response.json()
                assert "rationale" in data
>               assert data["rationale"] == "AI Generated Rationale"
E               AssertionError: assert '```markdown\...testing.\n```' == 'AI Generated Rationale'
E                 
E                 - AI Generated Rationale
E                 + ```markdown
E                 + # Design Rationale Document
E                 + 
E                 + ## 1. Key Design Decisions
E                 + - **JWT Authentication Implementation**: Adopted JSON Web Tokens (JWT) for stateless authentication to enable scalable session management without server-side storage....
E                 
E                 ...Full output truncated (24 lines hidden), use '-vv' to show

backend\test_context_ingestion.py:56: AssertionError
---------------------------- Captured stdout call -----------------------------
DEBUG: groq_key present: True
DEBUG: openrouter_key present: True
DEBUG: gemini_key present: True
DEBUG: Attempting Groq...
Groq API HTTP Error 429: Rate limit reached for model `llama-3.3-70b-versatile` in organization `org_01kaxqv5fcegev5m77pwgwrdas` service tier `on_demand` on tokens per day (TPD): Limit 100000, Used 99842, Requested 220. Please try again in 53.568s. Need more tokens? Upgrade to Dev Tier today at https://console.groq.com/settings/billing
DEBUG: Groq rate limit/error detected, trying OpenRouter (DeepSeek) fallback...
DEBUG: Attempting OpenRouter (DeepSeek)...
============================== warnings summary ===============================
..\Users\onyan\AppData\Local\Programs\Python\Python311\Lib\site-packages\pyiceberg\table\metadata.py:365
  C:\Users\onyan\AppData\Local\Programs\Python\Python311\Lib\site-packages\pyiceberg\table\metadata.py:365: PydanticDeprecatedSince212: Using `@model_validator` with mode='after' on a classmethod is deprecated. Instead, use an instance method. See the documentation at https://docs.pydantic.dev/2.12/concepts/validators/#model-after-validator. Deprecated in Pydantic V2.12 to be removed in V3.0.
    @model_validator(mode="after")

..\Users\onyan\AppData\Local\Programs\Python\Python311\Lib\site-packages\pyiceberg\table\metadata.py:494
  C:\Users\onyan\AppData\Local\Programs\Python\Python311\Lib\site-packages\pyiceberg\table\metadata.py:494: PydanticDeprecatedSince212: Using `@model_validator` with mode='after' on a classmethod is deprecated. Instead, use an instance method. See the documentation at https://docs.pydantic.dev/2.12/concepts/validators/#model-after-validator. Deprecated in Pydantic V2.12 to be removed in V3.0.
    @model_validator(mode="after")

..\Users\onyan\AppData\Local\Programs\Python\Python311\Lib\site-packages\pyiceberg\table\metadata.py:498
  C:\Users\onyan\AppData\Local\Programs\Python\Python311\Lib\site-packages\pyiceberg\table\metadata.py:498: PydanticDeprecatedSince212: Using `@model_validator` with mode='after' on a classmethod is deprecated. Instead, use an instance method. See the documentation at https://docs.pydantic.dev/2.12/concepts/validators/#model-after-validator. Deprecated in Pydantic V2.12 to be removed in V3.0.
    @model_validator(mode="after")

..\Users\onyan\AppData\Local\Programs\Python\Python311\Lib\site-packages\pyiceberg\table\metadata.py:502
  C:\Users\onyan\AppData\Local\Programs\Python\Python311\Lib\site-packages\pyiceberg\table\metadata.py:502: PydanticDeprecatedSince212: Using `@model_validator` with mode='after' on a classmethod is deprecated. Instead, use an instance method. See the documentation at https://docs.pydantic.dev/2.12/concepts/validators/#model-after-validator. Deprecated in Pydantic V2.12 to be removed in V3.0.
    @model_validator(mode="after")

..\Users\onyan\AppData\Local\Programs\Python\Python311\Lib\site-packages\pyiceberg\table\metadata.py:506
  C:\Users\onyan\AppData\Local\Programs\Python\Python311\Lib\site-packages\pyiceberg\table\metadata.py:506: PydanticDeprecatedSince212: Using `@model_validator` with mode='after' on a classmethod is deprecated. Instead, use an instance method. See the documentation at https://docs.pydantic.dev/2.12/concepts/validators/#model-after-validator. Deprecated in Pydantic V2.12 to be removed in V3.0.
    @model_validator(mode="after")

..\Users\onyan\AppData\Local\Programs\Python\Python311\Lib\site-packages\pyiceberg\table\metadata.py:538
  C:\Users\onyan\AppData\Local\Programs\Python\Python311\Lib\site-packages\pyiceberg\table\metadata.py:538: PydanticDeprecatedSince212: Using `@model_validator` with mode='after' on a classmethod is deprecated. Instead, use an instance method. See the documentation at https://docs.pydantic.dev/2.12/concepts/validators/#model-after-validator. Deprecated in Pydantic V2.12 to be removed in V3.0.
    @model_validator(mode="after")

..\Users\onyan\AppData\Local\Programs\Python\Python311\Lib\site-packages\pyiceberg\table\metadata.py:542
  C:\Users\onyan\AppData\Local\Programs\Python\Python311\Lib\site-packages\pyiceberg\table\metadata.py:542: PydanticDeprecatedSince212: Using `@model_validator` with mode='after' on a classmethod is deprecated. Instead, use an instance method. See the documentation at https://docs.pydantic.dev/2.12/concepts/validators/#model-after-validator. Deprecated in Pydantic V2.12 to be removed in V3.0.
    @model_validator(mode="after")

..\Users\onyan\AppData\Local\Programs\Python\Python311\Lib\site-packages\pyiceberg\table\metadata.py:546
  C:\Users\onyan\AppData\Local\Programs\Python\Python311\Lib\site-packages\pyiceberg\table\metadata.py:546: PydanticDeprecatedSince212: Using `@model_validator` with mode='after' on a classmethod is deprecated. Instead, use an instance method. See the documentation at https://docs.pydantic.dev/2.12/concepts/validators/#model-after-validator. Deprecated in Pydantic V2.12 to be removed in V3.0.
    @model_validator(mode="after")

..\Users\onyan\AppData\Local\Programs\Python\Python311\Lib\site-packages\pyiceberg\table\metadata.py:550
  C:\Users\onyan\AppData\Local\Programs\Python\Python311\Lib\site-packages\pyiceberg\table\metadata.py:550: PydanticDeprecatedSince212: Using `@model_validator` with mode='after' on a classmethod is deprecated. Instead, use an instance method. See the documentation at https://docs.pydantic.dev/2.12/concepts/validators/#model-after-validator. Deprecated in Pydantic V2.12 to be removed in V3.0.
    @model_validator(mode="after")

backend\routers\context.py:82
  C:\archintel\backend\routers\context.py:82: DeprecationWarning: `regex` has been deprecated, please use `pattern` instead
    source: Optional[str] = Query(None, regex="^(github_pr|github_issue)$"),

-- Docs: https://docs.pytest.org/en/stable/how-to/capture-warnings.html
=========================== short test summary info ===========================
FAILED backend/test_context_ingestion.py::test_get_rationale_endpoint - Asser...
================== 1 failed, 2 passed, 10 warnings in 29.01s ==================
