============================= test session starts =============================
platform win32 -- Python 3.11.9, pytest-9.0.2, pluggy-1.6.0 -- C:\Users\onyan\AppData\Local\Programs\Python\Python311\python.exe
cachedir: .pytest_cache
rootdir: C:\archintel
plugins: anyio-4.12.0, typeguard-4.4.4
collecting ... collected 2 items

backend/test_context_ingestion.py::test_get_discussions_endpoint_exists FAILED [ 50%]
backend/test_context_ingestion.py::test_ingest_discussions_mock PASSED   [100%]

================================== FAILURES ===================================
____________________ test_get_discussions_endpoint_exists _____________________

    def test_get_discussions_endpoint_exists():
        # Verify the router is correctly registered and reachable
        # We use a non-existent ID just to check 404 vs 500/404 router mismatch
        response = client.get("/context/non-existent-id/discussions")
>       assert response.status_code in [200, 404]
E       assert 500 in [200, 404]
E        +  where 500 = <Response [500 Internal Server Error]>.status_code

backend\test_context_ingestion.py:12: AssertionError
============================== warnings summary ===============================
..\Users\onyan\AppData\Local\Programs\Python\Python311\Lib\site-packages\pyiceberg\table\metadata.py:365
  C:\Users\onyan\AppData\Local\Programs\Python\Python311\Lib\site-packages\pyiceberg\table\metadata.py:365: PydanticDeprecatedSince212: Using `@model_validator` with mode='after' on a classmethod is deprecated. Instead, use an instance method. See the documentation at https://docs.pydantic.dev/2.12/concepts/validators/#model-after-validator. Deprecated in Pydantic V2.12 to be removed in V3.0.
    @model_validator(mode="after")

..\Users\onyan\AppData\Local\Programs\Python\Python311\Lib\site-packages\pyiceberg\table\metadata.py:494
  C:\Users\onyan\AppData\Local\Programs\Python\Python311\Lib\site-packages\pyiceberg\table\metadata.py:494: PydanticDeprecatedSince212: Using `@model_validator` with mode='after' on a classmethod is deprecated. Instead, use an instance method. See the documentation at https://docs.pydantic.dev/2.12/concepts/validators/#model-after-validator. Deprecated in Pydantic V2.12 to be removed in V3.0.
    @model_validator(mode="after")

..\Users\onyan\AppData\Local\Programs\Python\Python311\Lib\site-packages\pyiceberg\table\metadata.py:498
  C:\Users\onyan\AppData\Local\Programs\Python\Python311\Lib\site-packages\pyiceberg\table\metadata.py:498: PydanticDeprecatedSince212: Using `@model_validator` with mode='after' on a classmethod is deprecated. Instead, use an instance method. See the documentation at https://docs.pydantic.dev/2.12/concepts/validators/#model-after-validator. Deprecated in Pydantic V2.12 to be removed in V3.0.
    @model_validator(mode="after")

..\Users\onyan\AppData\Local\Programs\Python\Python311\Lib\site-packages\pyiceberg\table\metadata.py:502
  C:\Users\onyan\AppData\Local\Programs\Python\Python311\Lib\site-packages\pyiceberg\table\metadata.py:502: PydanticDeprecatedSince212: Using `@model_validator` with mode='after' on a classmethod is deprecated. Instead, use an instance method. See the documentation at https://docs.pydantic.dev/2.12/concepts/validators/#model-after-validator. Deprecated in Pydantic V2.12 to be removed in V3.0.
    @model_validator(mode="after")

..\Users\onyan\AppData\Local\Programs\Python\Python311\Lib\site-packages\pyiceberg\table\metadata.py:506
  C:\Users\onyan\AppData\Local\Programs\Python\Python311\Lib\site-packages\pyiceberg\table\metadata.py:506: PydanticDeprecatedSince212: Using `@model_validator` with mode='after' on a classmethod is deprecated. Instead, use an instance method. See the documentation at https://docs.pydantic.dev/2.12/concepts/validators/#model-after-validator. Deprecated in Pydantic V2.12 to be removed in V3.0.
    @model_validator(mode="after")

..\Users\onyan\AppData\Local\Programs\Python\Python311\Lib\site-packages\pyiceberg\table\metadata.py:538
  C:\Users\onyan\AppData\Local\Programs\Python\Python311\Lib\site-packages\pyiceberg\table\metadata.py:538: PydanticDeprecatedSince212: Using `@model_validator` with mode='after' on a classmethod is deprecated. Instead, use an instance method. See the documentation at https://docs.pydantic.dev/2.12/concepts/validators/#model-after-validator. Deprecated in Pydantic V2.12 to be removed in V3.0.
    @model_validator(mode="after")

..\Users\onyan\AppData\Local\Programs\Python\Python311\Lib\site-packages\pyiceberg\table\metadata.py:542
  C:\Users\onyan\AppData\Local\Programs\Python\Python311\Lib\site-packages\pyiceberg\table\metadata.py:542: PydanticDeprecatedSince212: Using `@model_validator` with mode='after' on a classmethod is deprecated. Instead, use an instance method. See the documentation at https://docs.pydantic.dev/2.12/concepts/validators/#model-after-validator. Deprecated in Pydantic V2.12 to be removed in V3.0.
    @model_validator(mode="after")

..\Users\onyan\AppData\Local\Programs\Python\Python311\Lib\site-packages\pyiceberg\table\metadata.py:546
  C:\Users\onyan\AppData\Local\Programs\Python\Python311\Lib\site-packages\pyiceberg\table\metadata.py:546: PydanticDeprecatedSince212: Using `@model_validator` with mode='after' on a classmethod is deprecated. Instead, use an instance method. See the documentation at https://docs.pydantic.dev/2.12/concepts/validators/#model-after-validator. Deprecated in Pydantic V2.12 to be removed in V3.0.
    @model_validator(mode="after")

..\Users\onyan\AppData\Local\Programs\Python\Python311\Lib\site-packages\pyiceberg\table\metadata.py:550
  C:\Users\onyan\AppData\Local\Programs\Python\Python311\Lib\site-packages\pyiceberg\table\metadata.py:550: PydanticDeprecatedSince212: Using `@model_validator` with mode='after' on a classmethod is deprecated. Instead, use an instance method. See the documentation at https://docs.pydantic.dev/2.12/concepts/validators/#model-after-validator. Deprecated in Pydantic V2.12 to be removed in V3.0.
    @model_validator(mode="after")

backend\routers\context.py:81
  C:\archintel\backend\routers\context.py:81: DeprecationWarning: `regex` has been deprecated, please use `pattern` instead
    source: Optional[str] = Query(None, regex="^(github_pr|github_issue)$"),

backend/test_context_ingestion.py::test_get_discussions_endpoint_exists
  C:\Users\onyan\AppData\Local\Programs\Python\Python311\Lib\site-packages\supabase\_sync\client.py:309: DeprecationWarning: The 'timeout' parameter is deprecated. Please configure it in the http client instead.
    return SyncPostgrestClient(

backend/test_context_ingestion.py::test_get_discussions_endpoint_exists
  C:\Users\onyan\AppData\Local\Programs\Python\Python311\Lib\site-packages\supabase\_sync\client.py:309: DeprecationWarning: The 'verify' parameter is deprecated. Please configure it in the http client instead.
    return SyncPostgrestClient(

-- Docs: https://docs.pytest.org/en/stable/how-to/capture-warnings.html
=========================== short test summary info ===========================
FAILED backend/test_context_ingestion.py::test_get_discussions_endpoint_exists
================== 1 failed, 1 passed, 12 warnings in 7.52s ===================
