============================= test session starts =============================
platform win32 -- Python 3.11.9, pytest-9.0.2, pluggy-1.6.0
rootdir: C:\archintel\backend
plugins: anyio-4.12.0, typeguard-4.4.4
collected 3 items

test_git_history_endpoints.py .F.                                        [100%]

================================== FAILURES ===================================
___________________ test_get_author_stats_endpoint_success ____________________

    def test_get_author_stats_endpoint_success():
        response = client.get("/docs/mock-project-id/history/stats?path=backend/main.py&repo_path=.")
        assert response.status_code == 200
>       assert "stats" in response.json()
E       AssertionError: assert 'stats' in {'commits': []}
E        +  where {'commits': []} = json()
E        +    where json = <Response [200 OK]>.json

test_git_history_endpoints.py:21: AssertionError
============================== warnings summary ===============================
..\..\Users\onyan\AppData\Local\Programs\Python\Python311\Lib\site-packages\pyiceberg\table\metadata.py:365
  C:\Users\onyan\AppData\Local\Programs\Python\Python311\Lib\site-packages\pyiceberg\table\metadata.py:365: PydanticDeprecatedSince212: Using `@model_validator` with mode='after' on a classmethod is deprecated. Instead, use an instance method. See the documentation at https://docs.pydantic.dev/2.12/concepts/validators/#model-after-validator. Deprecated in Pydantic V2.12 to be removed in V3.0.
    @model_validator(mode="after")

..\..\Users\onyan\AppData\Local\Programs\Python\Python311\Lib\site-packages\pyiceberg\table\metadata.py:494
  C:\Users\onyan\AppData\Local\Programs\Python\Python311\Lib\site-packages\pyiceberg\table\metadata.py:494: PydanticDeprecatedSince212: Using `@model_validator` with mode='after' on a classmethod is deprecated. Instead, use an instance method. See the documentation at https://docs.pydantic.dev/2.12/concepts/validators/#model-after-validator. Deprecated in Pydantic V2.12 to be removed in V3.0.
    @model_validator(mode="after")

..\..\Users\onyan\AppData\Local\Programs\Python\Python311\Lib\site-packages\pyiceberg\table\metadata.py:498
  C:\Users\onyan\AppData\Local\Programs\Python\Python311\Lib\site-packages\pyiceberg\table\metadata.py:498: PydanticDeprecatedSince212: Using `@model_validator` with mode='after' on a classmethod is deprecated. Instead, use an instance method. See the documentation at https://docs.pydantic.dev/2.12/concepts/validators/#model-after-validator. Deprecated in Pydantic V2.12 to be removed in V3.0.
    @model_validator(mode="after")

..\..\Users\onyan\AppData\Local\Programs\Python\Python311\Lib\site-packages\pyiceberg\table\metadata.py:502
  C:\Users\onyan\AppData\Local\Programs\Python\Python311\Lib\site-packages\pyiceberg\table\metadata.py:502: PydanticDeprecatedSince212: Using `@model_validator` with mode='after' on a classmethod is deprecated. Instead, use an instance method. See the documentation at https://docs.pydantic.dev/2.12/concepts/validators/#model-after-validator. Deprecated in Pydantic V2.12 to be removed in V3.0.
    @model_validator(mode="after")

..\..\Users\onyan\AppData\Local\Programs\Python\Python311\Lib\site-packages\pyiceberg\table\metadata.py:506
  C:\Users\onyan\AppData\Local\Programs\Python\Python311\Lib\site-packages\pyiceberg\table\metadata.py:506: PydanticDeprecatedSince212: Using `@model_validator` with mode='after' on a classmethod is deprecated. Instead, use an instance method. See the documentation at https://docs.pydantic.dev/2.12/concepts/validators/#model-after-validator. Deprecated in Pydantic V2.12 to be removed in V3.0.
    @model_validator(mode="after")

..\..\Users\onyan\AppData\Local\Programs\Python\Python311\Lib\site-packages\pyiceberg\table\metadata.py:538
  C:\Users\onyan\AppData\Local\Programs\Python\Python311\Lib\site-packages\pyiceberg\table\metadata.py:538: PydanticDeprecatedSince212: Using `@model_validator` with mode='after' on a classmethod is deprecated. Instead, use an instance method. See the documentation at https://docs.pydantic.dev/2.12/concepts/validators/#model-after-validator. Deprecated in Pydantic V2.12 to be removed in V3.0.
    @model_validator(mode="after")

..\..\Users\onyan\AppData\Local\Programs\Python\Python311\Lib\site-packages\pyiceberg\table\metadata.py:542
  C:\Users\onyan\AppData\Local\Programs\Python\Python311\Lib\site-packages\pyiceberg\table\metadata.py:542: PydanticDeprecatedSince212: Using `@model_validator` with mode='after' on a classmethod is deprecated. Instead, use an instance method. See the documentation at https://docs.pydantic.dev/2.12/concepts/validators/#model-after-validator. Deprecated in Pydantic V2.12 to be removed in V3.0.
    @model_validator(mode="after")

..\..\Users\onyan\AppData\Local\Programs\Python\Python311\Lib\site-packages\pyiceberg\table\metadata.py:546
  C:\Users\onyan\AppData\Local\Programs\Python\Python311\Lib\site-packages\pyiceberg\table\metadata.py:546: PydanticDeprecatedSince212: Using `@model_validator` with mode='after' on a classmethod is deprecated. Instead, use an instance method. See the documentation at https://docs.pydantic.dev/2.12/concepts/validators/#model-after-validator. Deprecated in Pydantic V2.12 to be removed in V3.0.
    @model_validator(mode="after")

..\..\Users\onyan\AppData\Local\Programs\Python\Python311\Lib\site-packages\pyiceberg\table\metadata.py:550
  C:\Users\onyan\AppData\Local\Programs\Python\Python311\Lib\site-packages\pyiceberg\table\metadata.py:550: PydanticDeprecatedSince212: Using `@model_validator` with mode='after' on a classmethod is deprecated. Instead, use an instance method. See the documentation at https://docs.pydantic.dev/2.12/concepts/validators/#model-after-validator. Deprecated in Pydantic V2.12 to be removed in V3.0.
    @model_validator(mode="after")

test_git_history_endpoints.py::test_get_files_search_endpoint_success
  C:\Users\onyan\AppData\Local\Programs\Python\Python311\Lib\site-packages\supabase\_sync\client.py:309: DeprecationWarning: The 'timeout' parameter is deprecated. Please configure it in the http client instead.
    return SyncPostgrestClient(

test_git_history_endpoints.py::test_get_files_search_endpoint_success
  C:\Users\onyan\AppData\Local\Programs\Python\Python311\Lib\site-packages\supabase\_sync\client.py:309: DeprecationWarning: The 'verify' parameter is deprecated. Please configure it in the http client instead.
    return SyncPostgrestClient(

-- Docs: https://docs.pytest.org/en/stable/how-to/capture-warnings.html
=========================== short test summary info ===========================
FAILED test_git_history_endpoints.py::test_get_author_stats_endpoint_success
================== 1 failed, 2 passed, 11 warnings in 7.98s ===================
